
[1m[46m RUN [49m[22m [36mv3.2.7 [39m[90mC:/Users/user/Documents/Rise/midnight-moonshot/packages/contract[39m

 [32mΓ£ô[39m test/voting.integration.test.ts[2m > [22mPrivate Voting Integration[2m > [22mplaceholder for devnet deploy test[32m 3[2mms[22m[39m
 [32mΓ£ô[39m test/voting.unit.test.ts[2m > [22mPrivateVotingContract[2m > [22mshould register a voter[32m 6[2mms[22m[39m
 [32mΓ£ô[39m test/voting.unit.test.ts[2m > [22mPrivateVotingContract[2m > [22mshould allow a registered voter to cast a vote[32m 2[2mms[22m[39m
 [32mΓ£ô[39m test/voting.unit.test.ts[2m > [22mPrivateVotingContract[2m > [22mshould reject double voting[32m 4[2mms[22m[39m
 [32mΓ£ô[39m test/voting.unit.test.ts[2m > [22mPrivateVotingContract[2m > [22mshould reject votes from unregistered voters[32m 1[2mms[22m[39m
 [32mΓ£ô[39m test/voting.unit.test.ts[2m > [22mPrivateVotingContract[2m > [22mshould track votes per proposal correctly[32m 1[2mms[22m[39m
 [32mΓ£ô[39m test/voting.unit.test.ts[2m > [22mPrivateVotingContract[2m > [22mshould report zero votes for proposals with no votes[32m 1[2mms[22m[39m

[2m Test Files [22m [1m[32m2 passed[39m[22m[90m (2)[39m
[2m      Tests [22m [1m[32m7 passed[39m[22m[90m (7)[39m
[2m   Start at [22m 15:36:14
[2m   Duration [22m 1.83s[2m (transform 309ms, setup 0ms, collect 369ms, tests 26ms, environment 1ms, prepare 1.59s)[22m

